// Jest Snapshot v1, https://goo.gl/fbAQLP

exports[`parses an env config object 1`] = `
{
  "GC_ADVANCED_FILTERS": false,
  "GC_CUSTOMER_REQUIRE_EMAIL_CONFIRMATION": false,
  "GC_DEMO_MODE": true,
  "GC_I18N": [
    {
      "defaultLocale": true,
      "hygraphLocales": [
        "en",
      ],
      "locale": "en",
      "magentoStoreCode": "en_us",
    },
  ],
  "GC_I18N_0_DEFAULT_LOCALE": true,
  "GC_I18N_0_HYGRAPH_LOCALES_0": "en",
  "GC_I18N_0_LOCALE": "en",
  "GC_I18N_0_MAGENTO_STORE_CODE": "en_us",
  "GC_I18N_1_HYGRAPH_LOCALES_0": "de",
  "GC_I18N_1_LOCALE": "de",
  "GC_I18N_1_MAGENTO_STORE_CODE": "de_de",
  "GC_SINGLE_PRODUCT_ROUTE": true,
}
`;

exports[`traverses a schema and returns a list of env variables that match 1`] = `
[
  "GC_ADVANCED_FILTERS",
  "GC_CANONICAL_BASE_URL",
  "GC_CART_DISPLAY_PRICES_INCL_TAX",
  "GC_CUSTOMER_REQUIRE_EMAIL_CONFIRMATION",
  "GC_DEBUG",
  "GC_DEBUG_WEBPACK_CIRCULAR_DEPENDENCY_PLUGIN",
  "GC_DEBUG_WEBPACK_DUPLICATES_PLUGIN",
  "GC_DEMO_MODE",
  "GC_DEPLOY_ENVIRONMENT",
  "GC_GOOGLE_ANALYTICS_ID",
  "GC_GOOGLE_RECAPTCHA_KEY",
  "GC_GOOGLE_TAGMANAGER_ID",
  "GC_HYGRAPH_ENDPOINT",
  "GC_I18N",
  "GC_I18N_0",
  "GC_I18N_0_CANONICAL_BASE_URL",
  "GC_I18N_0_CART_DISPLAY_PRICES_INCL_TAX",
  "GC_I18N_0_DEFAULT_LOCALE",
  "GC_I18N_0_DOMAIN",
  "GC_I18N_0_GOOGLE_ANALYTICS_ID",
  "GC_I18N_0_GOOGLE_RECAPTCHA_KEY",
  "GC_I18N_0_GOOGLE_TAGMANAGER_ID",
  "GC_I18N_0_HYGRAPH_LOCALES",
  "GC_I18N_0_HYGRAPH_LOCALES_0",
  "GC_I18N_0_HYGRAPH_LOCALES_1",
  "GC_I18N_0_HYGRAPH_LOCALES_2",
  "GC_I18N_0_HYGRAPH_LOCALES_3",
  "GC_I18N_0_HYGRAPH_LOCALES_4",
  "GC_I18N_0_HYGRAPH_LOCALES_5",
  "GC_I18N_0_HYGRAPH_LOCALES_6",
  "GC_I18N_0_HYGRAPH_LOCALES_7",
  "GC_I18N_0_HYGRAPH_LOCALES_8",
  "GC_I18N_0_HYGRAPH_LOCALES_9",
  "GC_I18N_0_HYGRAPH_LOCALES_10",
  "GC_I18N_0_HYGRAPH_LOCALES_11",
  "GC_I18N_0_HYGRAPH_LOCALES_12",
  "GC_I18N_0_HYGRAPH_LOCALES_13",
  "GC_I18N_0_HYGRAPH_LOCALES_14",
  "GC_I18N_0_HYGRAPH_LOCALES_15",
  "GC_I18N_0_HYGRAPH_LOCALES_16",
  "GC_I18N_0_HYGRAPH_LOCALES_17",
  "GC_I18N_0_HYGRAPH_LOCALES_18",
  "GC_I18N_0_HYGRAPH_LOCALES_19",
  "GC_I18N_0_HYGRAPH_LOCALES_20",
  "GC_I18N_0_LOCALE",
  "GC_I18N_0_MAGENTO_STORE_CODE",
  "GC_I18N_0_ROBOTS_ALLOW",
  "GC_I18N_1",
  "GC_I18N_1_CANONICAL_BASE_URL",
  "GC_I18N_1_CART_DISPLAY_PRICES_INCL_TAX",
  "GC_I18N_1_DEFAULT_LOCALE",
  "GC_I18N_1_DOMAIN",
  "GC_I18N_1_GOOGLE_ANALYTICS_ID",
  "GC_I18N_1_GOOGLE_RECAPTCHA_KEY",
  "GC_I18N_1_GOOGLE_TAGMANAGER_ID",
  "GC_I18N_1_HYGRAPH_LOCALES",
  "GC_I18N_1_HYGRAPH_LOCALES_0",
  "GC_I18N_1_HYGRAPH_LOCALES_1",
  "GC_I18N_1_HYGRAPH_LOCALES_2",
  "GC_I18N_1_HYGRAPH_LOCALES_3",
  "GC_I18N_1_HYGRAPH_LOCALES_4",
  "GC_I18N_1_HYGRAPH_LOCALES_5",
  "GC_I18N_1_HYGRAPH_LOCALES_6",
  "GC_I18N_1_HYGRAPH_LOCALES_7",
  "GC_I18N_1_HYGRAPH_LOCALES_8",
  "GC_I18N_1_HYGRAPH_LOCALES_9",
  "GC_I18N_1_HYGRAPH_LOCALES_10",
  "GC_I18N_1_HYGRAPH_LOCALES_11",
  "GC_I18N_1_HYGRAPH_LOCALES_12",
  "GC_I18N_1_HYGRAPH_LOCALES_13",
  "GC_I18N_1_HYGRAPH_LOCALES_14",
  "GC_I18N_1_HYGRAPH_LOCALES_15",
  "GC_I18N_1_HYGRAPH_LOCALES_16",
  "GC_I18N_1_HYGRAPH_LOCALES_17",
  "GC_I18N_1_HYGRAPH_LOCALES_18",
  "GC_I18N_1_HYGRAPH_LOCALES_19",
  "GC_I18N_1_HYGRAPH_LOCALES_20",
  "GC_I18N_1_LOCALE",
  "GC_I18N_1_MAGENTO_STORE_CODE",
  "GC_I18N_1_ROBOTS_ALLOW",
  "GC_I18N_2",
  "GC_I18N_2_CANONICAL_BASE_URL",
  "GC_I18N_2_CART_DISPLAY_PRICES_INCL_TAX",
  "GC_I18N_2_DEFAULT_LOCALE",
  "GC_I18N_2_DOMAIN",
  "GC_I18N_2_GOOGLE_ANALYTICS_ID",
  "GC_I18N_2_GOOGLE_RECAPTCHA_KEY",
  "GC_I18N_2_GOOGLE_TAGMANAGER_ID",
  "GC_I18N_2_HYGRAPH_LOCALES",
  "GC_I18N_2_HYGRAPH_LOCALES_0",
  "GC_I18N_2_HYGRAPH_LOCALES_1",
  "GC_I18N_2_HYGRAPH_LOCALES_2",
  "GC_I18N_2_HYGRAPH_LOCALES_3",
  "GC_I18N_2_HYGRAPH_LOCALES_4",
  "GC_I18N_2_HYGRAPH_LOCALES_5",
  "GC_I18N_2_HYGRAPH_LOCALES_6",
  "GC_I18N_2_HYGRAPH_LOCALES_7",
  "GC_I18N_2_HYGRAPH_LOCALES_8",
  "GC_I18N_2_HYGRAPH_LOCALES_9",
  "GC_I18N_2_HYGRAPH_LOCALES_10",
  "GC_I18N_2_HYGRAPH_LOCALES_11",
  "GC_I18N_2_HYGRAPH_LOCALES_12",
  "GC_I18N_2_HYGRAPH_LOCALES_13",
  "GC_I18N_2_HYGRAPH_LOCALES_14",
  "GC_I18N_2_HYGRAPH_LOCALES_15",
  "GC_I18N_2_HYGRAPH_LOCALES_16",
  "GC_I18N_2_HYGRAPH_LOCALES_17",
  "GC_I18N_2_HYGRAPH_LOCALES_18",
  "GC_I18N_2_HYGRAPH_LOCALES_19",
  "GC_I18N_2_HYGRAPH_LOCALES_20",
  "GC_I18N_2_LOCALE",
  "GC_I18N_2_MAGENTO_STORE_CODE",
  "GC_I18N_2_ROBOTS_ALLOW",
  "GC_I18N_3",
  "GC_I18N_3_CANONICAL_BASE_URL",
  "GC_I18N_3_CART_DISPLAY_PRICES_INCL_TAX",
  "GC_I18N_3_DEFAULT_LOCALE",
  "GC_I18N_3_DOMAIN",
  "GC_I18N_3_GOOGLE_ANALYTICS_ID",
  "GC_I18N_3_GOOGLE_RECAPTCHA_KEY",
  "GC_I18N_3_GOOGLE_TAGMANAGER_ID",
  "GC_I18N_3_HYGRAPH_LOCALES",
  "GC_I18N_3_HYGRAPH_LOCALES_0",
  "GC_I18N_3_HYGRAPH_LOCALES_1",
  "GC_I18N_3_HYGRAPH_LOCALES_2",
  "GC_I18N_3_HYGRAPH_LOCALES_3",
  "GC_I18N_3_HYGRAPH_LOCALES_4",
  "GC_I18N_3_HYGRAPH_LOCALES_5",
  "GC_I18N_3_HYGRAPH_LOCALES_6",
  "GC_I18N_3_HYGRAPH_LOCALES_7",
  "GC_I18N_3_HYGRAPH_LOCALES_8",
  "GC_I18N_3_HYGRAPH_LOCALES_9",
  "GC_I18N_3_HYGRAPH_LOCALES_10",
  "GC_I18N_3_HYGRAPH_LOCALES_11",
  "GC_I18N_3_HYGRAPH_LOCALES_12",
  "GC_I18N_3_HYGRAPH_LOCALES_13",
  "GC_I18N_3_HYGRAPH_LOCALES_14",
  "GC_I18N_3_HYGRAPH_LOCALES_15",
  "GC_I18N_3_HYGRAPH_LOCALES_16",
  "GC_I18N_3_HYGRAPH_LOCALES_17",
  "GC_I18N_3_HYGRAPH_LOCALES_18",
  "GC_I18N_3_HYGRAPH_LOCALES_19",
  "GC_I18N_3_HYGRAPH_LOCALES_20",
  "GC_I18N_3_LOCALE",
  "GC_I18N_3_MAGENTO_STORE_CODE",
  "GC_I18N_3_ROBOTS_ALLOW",
  "GC_I18N_4",
  "GC_I18N_4_CANONICAL_BASE_URL",
  "GC_I18N_4_CART_DISPLAY_PRICES_INCL_TAX",
  "GC_I18N_4_DEFAULT_LOCALE",
  "GC_I18N_4_DOMAIN",
  "GC_I18N_4_GOOGLE_ANALYTICS_ID",
  "GC_I18N_4_GOOGLE_RECAPTCHA_KEY",
  "GC_I18N_4_GOOGLE_TAGMANAGER_ID",
  "GC_I18N_4_HYGRAPH_LOCALES",
  "GC_I18N_4_HYGRAPH_LOCALES_0",
  "GC_I18N_4_HYGRAPH_LOCALES_1",
  "GC_I18N_4_HYGRAPH_LOCALES_2",
  "GC_I18N_4_HYGRAPH_LOCALES_3",
  "GC_I18N_4_HYGRAPH_LOCALES_4",
  "GC_I18N_4_HYGRAPH_LOCALES_5",
  "GC_I18N_4_HYGRAPH_LOCALES_6",
  "GC_I18N_4_HYGRAPH_LOCALES_7",
  "GC_I18N_4_HYGRAPH_LOCALES_8",
  "GC_I18N_4_HYGRAPH_LOCALES_9",
  "GC_I18N_4_HYGRAPH_LOCALES_10",
  "GC_I18N_4_HYGRAPH_LOCALES_11",
  "GC_I18N_4_HYGRAPH_LOCALES_12",
  "GC_I18N_4_HYGRAPH_LOCALES_13",
  "GC_I18N_4_HYGRAPH_LOCALES_14",
  "GC_I18N_4_HYGRAPH_LOCALES_15",
  "GC_I18N_4_HYGRAPH_LOCALES_16",
  "GC_I18N_4_HYGRAPH_LOCALES_17",
  "GC_I18N_4_HYGRAPH_LOCALES_18",
  "GC_I18N_4_HYGRAPH_LOCALES_19",
  "GC_I18N_4_HYGRAPH_LOCALES_20",
  "GC_I18N_4_LOCALE",
  "GC_I18N_4_MAGENTO_STORE_CODE",
  "GC_I18N_4_ROBOTS_ALLOW",
  "GC_I18N_5",
  "GC_I18N_5_CANONICAL_BASE_URL",
  "GC_I18N_5_CART_DISPLAY_PRICES_INCL_TAX",
  "GC_I18N_5_DEFAULT_LOCALE",
  "GC_I18N_5_DOMAIN",
  "GC_I18N_5_GOOGLE_ANALYTICS_ID",
  "GC_I18N_5_GOOGLE_RECAPTCHA_KEY",
  "GC_I18N_5_GOOGLE_TAGMANAGER_ID",
  "GC_I18N_5_HYGRAPH_LOCALES",
  "GC_I18N_5_HYGRAPH_LOCALES_0",
  "GC_I18N_5_HYGRAPH_LOCALES_1",
  "GC_I18N_5_HYGRAPH_LOCALES_2",
  "GC_I18N_5_HYGRAPH_LOCALES_3",
  "GC_I18N_5_HYGRAPH_LOCALES_4",
  "GC_I18N_5_HYGRAPH_LOCALES_5",
  "GC_I18N_5_HYGRAPH_LOCALES_6",
  "GC_I18N_5_HYGRAPH_LOCALES_7",
  "GC_I18N_5_HYGRAPH_LOCALES_8",
  "GC_I18N_5_HYGRAPH_LOCALES_9",
  "GC_I18N_5_HYGRAPH_LOCALES_10",
  "GC_I18N_5_HYGRAPH_LOCALES_11",
  "GC_I18N_5_HYGRAPH_LOCALES_12",
  "GC_I18N_5_HYGRAPH_LOCALES_13",
  "GC_I18N_5_HYGRAPH_LOCALES_14",
  "GC_I18N_5_HYGRAPH_LOCALES_15",
  "GC_I18N_5_HYGRAPH_LOCALES_16",
  "GC_I18N_5_HYGRAPH_LOCALES_17",
  "GC_I18N_5_HYGRAPH_LOCALES_18",
  "GC_I18N_5_HYGRAPH_LOCALES_19",
  "GC_I18N_5_HYGRAPH_LOCALES_20",
  "GC_I18N_5_LOCALE",
  "GC_I18N_5_MAGENTO_STORE_CODE",
  "GC_I18N_5_ROBOTS_ALLOW",
  "GC_I18N_6",
  "GC_I18N_6_CANONICAL_BASE_URL",
  "GC_I18N_6_CART_DISPLAY_PRICES_INCL_TAX",
  "GC_I18N_6_DEFAULT_LOCALE",
  "GC_I18N_6_DOMAIN",
  "GC_I18N_6_GOOGLE_ANALYTICS_ID",
  "GC_I18N_6_GOOGLE_RECAPTCHA_KEY",
  "GC_I18N_6_GOOGLE_TAGMANAGER_ID",
  "GC_I18N_6_HYGRAPH_LOCALES",
  "GC_I18N_6_HYGRAPH_LOCALES_0",
  "GC_I18N_6_HYGRAPH_LOCALES_1",
  "GC_I18N_6_HYGRAPH_LOCALES_2",
  "GC_I18N_6_HYGRAPH_LOCALES_3",
  "GC_I18N_6_HYGRAPH_LOCALES_4",
  "GC_I18N_6_HYGRAPH_LOCALES_5",
  "GC_I18N_6_HYGRAPH_LOCALES_6",
  "GC_I18N_6_HYGRAPH_LOCALES_7",
  "GC_I18N_6_HYGRAPH_LOCALES_8",
  "GC_I18N_6_HYGRAPH_LOCALES_9",
  "GC_I18N_6_HYGRAPH_LOCALES_10",
  "GC_I18N_6_HYGRAPH_LOCALES_11",
  "GC_I18N_6_HYGRAPH_LOCALES_12",
  "GC_I18N_6_HYGRAPH_LOCALES_13",
  "GC_I18N_6_HYGRAPH_LOCALES_14",
  "GC_I18N_6_HYGRAPH_LOCALES_15",
  "GC_I18N_6_HYGRAPH_LOCALES_16",
  "GC_I18N_6_HYGRAPH_LOCALES_17",
  "GC_I18N_6_HYGRAPH_LOCALES_18",
  "GC_I18N_6_HYGRAPH_LOCALES_19",
  "GC_I18N_6_HYGRAPH_LOCALES_20",
  "GC_I18N_6_LOCALE",
  "GC_I18N_6_MAGENTO_STORE_CODE",
  "GC_I18N_6_ROBOTS_ALLOW",
  "GC_I18N_7",
  "GC_I18N_7_CANONICAL_BASE_URL",
  "GC_I18N_7_CART_DISPLAY_PRICES_INCL_TAX",
  "GC_I18N_7_DEFAULT_LOCALE",
  "GC_I18N_7_DOMAIN",
  "GC_I18N_7_GOOGLE_ANALYTICS_ID",
  "GC_I18N_7_GOOGLE_RECAPTCHA_KEY",
  "GC_I18N_7_GOOGLE_TAGMANAGER_ID",
  "GC_I18N_7_HYGRAPH_LOCALES",
  "GC_I18N_7_HYGRAPH_LOCALES_0",
  "GC_I18N_7_HYGRAPH_LOCALES_1",
  "GC_I18N_7_HYGRAPH_LOCALES_2",
  "GC_I18N_7_HYGRAPH_LOCALES_3",
  "GC_I18N_7_HYGRAPH_LOCALES_4",
  "GC_I18N_7_HYGRAPH_LOCALES_5",
  "GC_I18N_7_HYGRAPH_LOCALES_6",
  "GC_I18N_7_HYGRAPH_LOCALES_7",
  "GC_I18N_7_HYGRAPH_LOCALES_8",
  "GC_I18N_7_HYGRAPH_LOCALES_9",
  "GC_I18N_7_HYGRAPH_LOCALES_10",
  "GC_I18N_7_HYGRAPH_LOCALES_11",
  "GC_I18N_7_HYGRAPH_LOCALES_12",
  "GC_I18N_7_HYGRAPH_LOCALES_13",
  "GC_I18N_7_HYGRAPH_LOCALES_14",
  "GC_I18N_7_HYGRAPH_LOCALES_15",
  "GC_I18N_7_HYGRAPH_LOCALES_16",
  "GC_I18N_7_HYGRAPH_LOCALES_17",
  "GC_I18N_7_HYGRAPH_LOCALES_18",
  "GC_I18N_7_HYGRAPH_LOCALES_19",
  "GC_I18N_7_HYGRAPH_LOCALES_20",
  "GC_I18N_7_LOCALE",
  "GC_I18N_7_MAGENTO_STORE_CODE",
  "GC_I18N_7_ROBOTS_ALLOW",
  "GC_I18N_8",
  "GC_I18N_8_CANONICAL_BASE_URL",
  "GC_I18N_8_CART_DISPLAY_PRICES_INCL_TAX",
  "GC_I18N_8_DEFAULT_LOCALE",
  "GC_I18N_8_DOMAIN",
  "GC_I18N_8_GOOGLE_ANALYTICS_ID",
  "GC_I18N_8_GOOGLE_RECAPTCHA_KEY",
  "GC_I18N_8_GOOGLE_TAGMANAGER_ID",
  "GC_I18N_8_HYGRAPH_LOCALES",
  "GC_I18N_8_HYGRAPH_LOCALES_0",
  "GC_I18N_8_HYGRAPH_LOCALES_1",
  "GC_I18N_8_HYGRAPH_LOCALES_2",
  "GC_I18N_8_HYGRAPH_LOCALES_3",
  "GC_I18N_8_HYGRAPH_LOCALES_4",
  "GC_I18N_8_HYGRAPH_LOCALES_5",
  "GC_I18N_8_HYGRAPH_LOCALES_6",
  "GC_I18N_8_HYGRAPH_LOCALES_7",
  "GC_I18N_8_HYGRAPH_LOCALES_8",
  "GC_I18N_8_HYGRAPH_LOCALES_9",
  "GC_I18N_8_HYGRAPH_LOCALES_10",
  "GC_I18N_8_HYGRAPH_LOCALES_11",
  "GC_I18N_8_HYGRAPH_LOCALES_12",
  "GC_I18N_8_HYGRAPH_LOCALES_13",
  "GC_I18N_8_HYGRAPH_LOCALES_14",
  "GC_I18N_8_HYGRAPH_LOCALES_15",
  "GC_I18N_8_HYGRAPH_LOCALES_16",
  "GC_I18N_8_HYGRAPH_LOCALES_17",
  "GC_I18N_8_HYGRAPH_LOCALES_18",
  "GC_I18N_8_HYGRAPH_LOCALES_19",
  "GC_I18N_8_HYGRAPH_LOCALES_20",
  "GC_I18N_8_LOCALE",
  "GC_I18N_8_MAGENTO_STORE_CODE",
  "GC_I18N_8_ROBOTS_ALLOW",
  "GC_I18N_9",
  "GC_I18N_9_CANONICAL_BASE_URL",
  "GC_I18N_9_CART_DISPLAY_PRICES_INCL_TAX",
  "GC_I18N_9_DEFAULT_LOCALE",
  "GC_I18N_9_DOMAIN",
  "GC_I18N_9_GOOGLE_ANALYTICS_ID",
  "GC_I18N_9_GOOGLE_RECAPTCHA_KEY",
  "GC_I18N_9_GOOGLE_TAGMANAGER_ID",
  "GC_I18N_9_HYGRAPH_LOCALES",
  "GC_I18N_9_HYGRAPH_LOCALES_0",
  "GC_I18N_9_HYGRAPH_LOCALES_1",
  "GC_I18N_9_HYGRAPH_LOCALES_2",
  "GC_I18N_9_HYGRAPH_LOCALES_3",
  "GC_I18N_9_HYGRAPH_LOCALES_4",
  "GC_I18N_9_HYGRAPH_LOCALES_5",
  "GC_I18N_9_HYGRAPH_LOCALES_6",
  "GC_I18N_9_HYGRAPH_LOCALES_7",
  "GC_I18N_9_HYGRAPH_LOCALES_8",
  "GC_I18N_9_HYGRAPH_LOCALES_9",
  "GC_I18N_9_HYGRAPH_LOCALES_10",
  "GC_I18N_9_HYGRAPH_LOCALES_11",
  "GC_I18N_9_HYGRAPH_LOCALES_12",
  "GC_I18N_9_HYGRAPH_LOCALES_13",
  "GC_I18N_9_HYGRAPH_LOCALES_14",
  "GC_I18N_9_HYGRAPH_LOCALES_15",
  "GC_I18N_9_HYGRAPH_LOCALES_16",
  "GC_I18N_9_HYGRAPH_LOCALES_17",
  "GC_I18N_9_HYGRAPH_LOCALES_18",
  "GC_I18N_9_HYGRAPH_LOCALES_19",
  "GC_I18N_9_HYGRAPH_LOCALES_20",
  "GC_I18N_9_LOCALE",
  "GC_I18N_9_MAGENTO_STORE_CODE",
  "GC_I18N_9_ROBOTS_ALLOW",
  "GC_I18N_10",
  "GC_I18N_10_CANONICAL_BASE_URL",
  "GC_I18N_10_CART_DISPLAY_PRICES_INCL_TAX",
  "GC_I18N_10_DEFAULT_LOCALE",
  "GC_I18N_10_DOMAIN",
  "GC_I18N_10_GOOGLE_ANALYTICS_ID",
  "GC_I18N_10_GOOGLE_RECAPTCHA_KEY",
  "GC_I18N_10_GOOGLE_TAGMANAGER_ID",
  "GC_I18N_10_HYGRAPH_LOCALES",
  "GC_I18N_10_HYGRAPH_LOCALES_0",
  "GC_I18N_10_HYGRAPH_LOCALES_1",
  "GC_I18N_10_HYGRAPH_LOCALES_2",
  "GC_I18N_10_HYGRAPH_LOCALES_3",
  "GC_I18N_10_HYGRAPH_LOCALES_4",
  "GC_I18N_10_HYGRAPH_LOCALES_5",
  "GC_I18N_10_HYGRAPH_LOCALES_6",
  "GC_I18N_10_HYGRAPH_LOCALES_7",
  "GC_I18N_10_HYGRAPH_LOCALES_8",
  "GC_I18N_10_HYGRAPH_LOCALES_9",
  "GC_I18N_10_HYGRAPH_LOCALES_10",
  "GC_I18N_10_HYGRAPH_LOCALES_11",
  "GC_I18N_10_HYGRAPH_LOCALES_12",
  "GC_I18N_10_HYGRAPH_LOCALES_13",
  "GC_I18N_10_HYGRAPH_LOCALES_14",
  "GC_I18N_10_HYGRAPH_LOCALES_15",
  "GC_I18N_10_HYGRAPH_LOCALES_16",
  "GC_I18N_10_HYGRAPH_LOCALES_17",
  "GC_I18N_10_HYGRAPH_LOCALES_18",
  "GC_I18N_10_HYGRAPH_LOCALES_19",
  "GC_I18N_10_HYGRAPH_LOCALES_20",
  "GC_I18N_10_LOCALE",
  "GC_I18N_10_MAGENTO_STORE_CODE",
  "GC_I18N_10_ROBOTS_ALLOW",
  "GC_I18N_11",
  "GC_I18N_11_CANONICAL_BASE_URL",
  "GC_I18N_11_CART_DISPLAY_PRICES_INCL_TAX",
  "GC_I18N_11_DEFAULT_LOCALE",
  "GC_I18N_11_DOMAIN",
  "GC_I18N_11_GOOGLE_ANALYTICS_ID",
  "GC_I18N_11_GOOGLE_RECAPTCHA_KEY",
  "GC_I18N_11_GOOGLE_TAGMANAGER_ID",
  "GC_I18N_11_HYGRAPH_LOCALES",
  "GC_I18N_11_HYGRAPH_LOCALES_0",
  "GC_I18N_11_HYGRAPH_LOCALES_1",
  "GC_I18N_11_HYGRAPH_LOCALES_2",
  "GC_I18N_11_HYGRAPH_LOCALES_3",
  "GC_I18N_11_HYGRAPH_LOCALES_4",
  "GC_I18N_11_HYGRAPH_LOCALES_5",
  "GC_I18N_11_HYGRAPH_LOCALES_6",
  "GC_I18N_11_HYGRAPH_LOCALES_7",
  "GC_I18N_11_HYGRAPH_LOCALES_8",
  "GC_I18N_11_HYGRAPH_LOCALES_9",
  "GC_I18N_11_HYGRAPH_LOCALES_10",
  "GC_I18N_11_HYGRAPH_LOCALES_11",
  "GC_I18N_11_HYGRAPH_LOCALES_12",
  "GC_I18N_11_HYGRAPH_LOCALES_13",
  "GC_I18N_11_HYGRAPH_LOCALES_14",
  "GC_I18N_11_HYGRAPH_LOCALES_15",
  "GC_I18N_11_HYGRAPH_LOCALES_16",
  "GC_I18N_11_HYGRAPH_LOCALES_17",
  "GC_I18N_11_HYGRAPH_LOCALES_18",
  "GC_I18N_11_HYGRAPH_LOCALES_19",
  "GC_I18N_11_HYGRAPH_LOCALES_20",
  "GC_I18N_11_LOCALE",
  "GC_I18N_11_MAGENTO_STORE_CODE",
  "GC_I18N_11_ROBOTS_ALLOW",
  "GC_I18N_12",
  "GC_I18N_12_CANONICAL_BASE_URL",
  "GC_I18N_12_CART_DISPLAY_PRICES_INCL_TAX",
  "GC_I18N_12_DEFAULT_LOCALE",
  "GC_I18N_12_DOMAIN",
  "GC_I18N_12_GOOGLE_ANALYTICS_ID",
  "GC_I18N_12_GOOGLE_RECAPTCHA_KEY",
  "GC_I18N_12_GOOGLE_TAGMANAGER_ID",
  "GC_I18N_12_HYGRAPH_LOCALES",
  "GC_I18N_12_HYGRAPH_LOCALES_0",
  "GC_I18N_12_HYGRAPH_LOCALES_1",
  "GC_I18N_12_HYGRAPH_LOCALES_2",
  "GC_I18N_12_HYGRAPH_LOCALES_3",
  "GC_I18N_12_HYGRAPH_LOCALES_4",
  "GC_I18N_12_HYGRAPH_LOCALES_5",
  "GC_I18N_12_HYGRAPH_LOCALES_6",
  "GC_I18N_12_HYGRAPH_LOCALES_7",
  "GC_I18N_12_HYGRAPH_LOCALES_8",
  "GC_I18N_12_HYGRAPH_LOCALES_9",
  "GC_I18N_12_HYGRAPH_LOCALES_10",
  "GC_I18N_12_HYGRAPH_LOCALES_11",
  "GC_I18N_12_HYGRAPH_LOCALES_12",
  "GC_I18N_12_HYGRAPH_LOCALES_13",
  "GC_I18N_12_HYGRAPH_LOCALES_14",
  "GC_I18N_12_HYGRAPH_LOCALES_15",
  "GC_I18N_12_HYGRAPH_LOCALES_16",
  "GC_I18N_12_HYGRAPH_LOCALES_17",
  "GC_I18N_12_HYGRAPH_LOCALES_18",
  "GC_I18N_12_HYGRAPH_LOCALES_19",
  "GC_I18N_12_HYGRAPH_LOCALES_20",
  "GC_I18N_12_LOCALE",
  "GC_I18N_12_MAGENTO_STORE_CODE",
  "GC_I18N_12_ROBOTS_ALLOW",
  "GC_I18N_13",
  "GC_I18N_13_CANONICAL_BASE_URL",
  "GC_I18N_13_CART_DISPLAY_PRICES_INCL_TAX",
  "GC_I18N_13_DEFAULT_LOCALE",
  "GC_I18N_13_DOMAIN",
  "GC_I18N_13_GOOGLE_ANALYTICS_ID",
  "GC_I18N_13_GOOGLE_RECAPTCHA_KEY",
  "GC_I18N_13_GOOGLE_TAGMANAGER_ID",
  "GC_I18N_13_HYGRAPH_LOCALES",
  "GC_I18N_13_HYGRAPH_LOCALES_0",
  "GC_I18N_13_HYGRAPH_LOCALES_1",
  "GC_I18N_13_HYGRAPH_LOCALES_2",
  "GC_I18N_13_HYGRAPH_LOCALES_3",
  "GC_I18N_13_HYGRAPH_LOCALES_4",
  "GC_I18N_13_HYGRAPH_LOCALES_5",
  "GC_I18N_13_HYGRAPH_LOCALES_6",
  "GC_I18N_13_HYGRAPH_LOCALES_7",
  "GC_I18N_13_HYGRAPH_LOCALES_8",
  "GC_I18N_13_HYGRAPH_LOCALES_9",
  "GC_I18N_13_HYGRAPH_LOCALES_10",
  "GC_I18N_13_HYGRAPH_LOCALES_11",
  "GC_I18N_13_HYGRAPH_LOCALES_12",
  "GC_I18N_13_HYGRAPH_LOCALES_13",
  "GC_I18N_13_HYGRAPH_LOCALES_14",
  "GC_I18N_13_HYGRAPH_LOCALES_15",
  "GC_I18N_13_HYGRAPH_LOCALES_16",
  "GC_I18N_13_HYGRAPH_LOCALES_17",
  "GC_I18N_13_HYGRAPH_LOCALES_18",
  "GC_I18N_13_HYGRAPH_LOCALES_19",
  "GC_I18N_13_HYGRAPH_LOCALES_20",
  "GC_I18N_13_LOCALE",
  "GC_I18N_13_MAGENTO_STORE_CODE",
  "GC_I18N_13_ROBOTS_ALLOW",
  "GC_I18N_14",
  "GC_I18N_14_CANONICAL_BASE_URL",
  "GC_I18N_14_CART_DISPLAY_PRICES_INCL_TAX",
  "GC_I18N_14_DEFAULT_LOCALE",
  "GC_I18N_14_DOMAIN",
  "GC_I18N_14_GOOGLE_ANALYTICS_ID",
  "GC_I18N_14_GOOGLE_RECAPTCHA_KEY",
  "GC_I18N_14_GOOGLE_TAGMANAGER_ID",
  "GC_I18N_14_HYGRAPH_LOCALES",
  "GC_I18N_14_HYGRAPH_LOCALES_0",
  "GC_I18N_14_HYGRAPH_LOCALES_1",
  "GC_I18N_14_HYGRAPH_LOCALES_2",
  "GC_I18N_14_HYGRAPH_LOCALES_3",
  "GC_I18N_14_HYGRAPH_LOCALES_4",
  "GC_I18N_14_HYGRAPH_LOCALES_5",
  "GC_I18N_14_HYGRAPH_LOCALES_6",
  "GC_I18N_14_HYGRAPH_LOCALES_7",
  "GC_I18N_14_HYGRAPH_LOCALES_8",
  "GC_I18N_14_HYGRAPH_LOCALES_9",
  "GC_I18N_14_HYGRAPH_LOCALES_10",
  "GC_I18N_14_HYGRAPH_LOCALES_11",
  "GC_I18N_14_HYGRAPH_LOCALES_12",
  "GC_I18N_14_HYGRAPH_LOCALES_13",
  "GC_I18N_14_HYGRAPH_LOCALES_14",
  "GC_I18N_14_HYGRAPH_LOCALES_15",
  "GC_I18N_14_HYGRAPH_LOCALES_16",
  "GC_I18N_14_HYGRAPH_LOCALES_17",
  "GC_I18N_14_HYGRAPH_LOCALES_18",
  "GC_I18N_14_HYGRAPH_LOCALES_19",
  "GC_I18N_14_HYGRAPH_LOCALES_20",
  "GC_I18N_14_LOCALE",
  "GC_I18N_14_MAGENTO_STORE_CODE",
  "GC_I18N_14_ROBOTS_ALLOW",
  "GC_I18N_15",
  "GC_I18N_15_CANONICAL_BASE_URL",
  "GC_I18N_15_CART_DISPLAY_PRICES_INCL_TAX",
  "GC_I18N_15_DEFAULT_LOCALE",
  "GC_I18N_15_DOMAIN",
  "GC_I18N_15_GOOGLE_ANALYTICS_ID",
  "GC_I18N_15_GOOGLE_RECAPTCHA_KEY",
  "GC_I18N_15_GOOGLE_TAGMANAGER_ID",
  "GC_I18N_15_HYGRAPH_LOCALES",
  "GC_I18N_15_HYGRAPH_LOCALES_0",
  "GC_I18N_15_HYGRAPH_LOCALES_1",
  "GC_I18N_15_HYGRAPH_LOCALES_2",
  "GC_I18N_15_HYGRAPH_LOCALES_3",
  "GC_I18N_15_HYGRAPH_LOCALES_4",
  "GC_I18N_15_HYGRAPH_LOCALES_5",
  "GC_I18N_15_HYGRAPH_LOCALES_6",
  "GC_I18N_15_HYGRAPH_LOCALES_7",
  "GC_I18N_15_HYGRAPH_LOCALES_8",
  "GC_I18N_15_HYGRAPH_LOCALES_9",
  "GC_I18N_15_HYGRAPH_LOCALES_10",
  "GC_I18N_15_HYGRAPH_LOCALES_11",
  "GC_I18N_15_HYGRAPH_LOCALES_12",
  "GC_I18N_15_HYGRAPH_LOCALES_13",
  "GC_I18N_15_HYGRAPH_LOCALES_14",
  "GC_I18N_15_HYGRAPH_LOCALES_15",
  "GC_I18N_15_HYGRAPH_LOCALES_16",
  "GC_I18N_15_HYGRAPH_LOCALES_17",
  "GC_I18N_15_HYGRAPH_LOCALES_18",
  "GC_I18N_15_HYGRAPH_LOCALES_19",
  "GC_I18N_15_HYGRAPH_LOCALES_20",
  "GC_I18N_15_LOCALE",
  "GC_I18N_15_MAGENTO_STORE_CODE",
  "GC_I18N_15_ROBOTS_ALLOW",
  "GC_I18N_16",
  "GC_I18N_16_CANONICAL_BASE_URL",
  "GC_I18N_16_CART_DISPLAY_PRICES_INCL_TAX",
  "GC_I18N_16_DEFAULT_LOCALE",
  "GC_I18N_16_DOMAIN",
  "GC_I18N_16_GOOGLE_ANALYTICS_ID",
  "GC_I18N_16_GOOGLE_RECAPTCHA_KEY",
  "GC_I18N_16_GOOGLE_TAGMANAGER_ID",
  "GC_I18N_16_HYGRAPH_LOCALES",
  "GC_I18N_16_HYGRAPH_LOCALES_0",
  "GC_I18N_16_HYGRAPH_LOCALES_1",
  "GC_I18N_16_HYGRAPH_LOCALES_2",
  "GC_I18N_16_HYGRAPH_LOCALES_3",
  "GC_I18N_16_HYGRAPH_LOCALES_4",
  "GC_I18N_16_HYGRAPH_LOCALES_5",
  "GC_I18N_16_HYGRAPH_LOCALES_6",
  "GC_I18N_16_HYGRAPH_LOCALES_7",
  "GC_I18N_16_HYGRAPH_LOCALES_8",
  "GC_I18N_16_HYGRAPH_LOCALES_9",
  "GC_I18N_16_HYGRAPH_LOCALES_10",
  "GC_I18N_16_HYGRAPH_LOCALES_11",
  "GC_I18N_16_HYGRAPH_LOCALES_12",
  "GC_I18N_16_HYGRAPH_LOCALES_13",
  "GC_I18N_16_HYGRAPH_LOCALES_14",
  "GC_I18N_16_HYGRAPH_LOCALES_15",
  "GC_I18N_16_HYGRAPH_LOCALES_16",
  "GC_I18N_16_HYGRAPH_LOCALES_17",
  "GC_I18N_16_HYGRAPH_LOCALES_18",
  "GC_I18N_16_HYGRAPH_LOCALES_19",
  "GC_I18N_16_HYGRAPH_LOCALES_20",
  "GC_I18N_16_LOCALE",
  "GC_I18N_16_MAGENTO_STORE_CODE",
  "GC_I18N_16_ROBOTS_ALLOW",
  "GC_I18N_17",
  "GC_I18N_17_CANONICAL_BASE_URL",
  "GC_I18N_17_CART_DISPLAY_PRICES_INCL_TAX",
  "GC_I18N_17_DEFAULT_LOCALE",
  "GC_I18N_17_DOMAIN",
  "GC_I18N_17_GOOGLE_ANALYTICS_ID",
  "GC_I18N_17_GOOGLE_RECAPTCHA_KEY",
  "GC_I18N_17_GOOGLE_TAGMANAGER_ID",
  "GC_I18N_17_HYGRAPH_LOCALES",
  "GC_I18N_17_HYGRAPH_LOCALES_0",
  "GC_I18N_17_HYGRAPH_LOCALES_1",
  "GC_I18N_17_HYGRAPH_LOCALES_2",
  "GC_I18N_17_HYGRAPH_LOCALES_3",
  "GC_I18N_17_HYGRAPH_LOCALES_4",
  "GC_I18N_17_HYGRAPH_LOCALES_5",
  "GC_I18N_17_HYGRAPH_LOCALES_6",
  "GC_I18N_17_HYGRAPH_LOCALES_7",
  "GC_I18N_17_HYGRAPH_LOCALES_8",
  "GC_I18N_17_HYGRAPH_LOCALES_9",
  "GC_I18N_17_HYGRAPH_LOCALES_10",
  "GC_I18N_17_HYGRAPH_LOCALES_11",
  "GC_I18N_17_HYGRAPH_LOCALES_12",
  "GC_I18N_17_HYGRAPH_LOCALES_13",
  "GC_I18N_17_HYGRAPH_LOCALES_14",
  "GC_I18N_17_HYGRAPH_LOCALES_15",
  "GC_I18N_17_HYGRAPH_LOCALES_16",
  "GC_I18N_17_HYGRAPH_LOCALES_17",
  "GC_I18N_17_HYGRAPH_LOCALES_18",
  "GC_I18N_17_HYGRAPH_LOCALES_19",
  "GC_I18N_17_HYGRAPH_LOCALES_20",
  "GC_I18N_17_LOCALE",
  "GC_I18N_17_MAGENTO_STORE_CODE",
  "GC_I18N_17_ROBOTS_ALLOW",
  "GC_I18N_18",
  "GC_I18N_18_CANONICAL_BASE_URL",
  "GC_I18N_18_CART_DISPLAY_PRICES_INCL_TAX",
  "GC_I18N_18_DEFAULT_LOCALE",
  "GC_I18N_18_DOMAIN",
  "GC_I18N_18_GOOGLE_ANALYTICS_ID",
  "GC_I18N_18_GOOGLE_RECAPTCHA_KEY",
  "GC_I18N_18_GOOGLE_TAGMANAGER_ID",
  "GC_I18N_18_HYGRAPH_LOCALES",
  "GC_I18N_18_HYGRAPH_LOCALES_0",
  "GC_I18N_18_HYGRAPH_LOCALES_1",
  "GC_I18N_18_HYGRAPH_LOCALES_2",
  "GC_I18N_18_HYGRAPH_LOCALES_3",
  "GC_I18N_18_HYGRAPH_LOCALES_4",
  "GC_I18N_18_HYGRAPH_LOCALES_5",
  "GC_I18N_18_HYGRAPH_LOCALES_6",
  "GC_I18N_18_HYGRAPH_LOCALES_7",
  "GC_I18N_18_HYGRAPH_LOCALES_8",
  "GC_I18N_18_HYGRAPH_LOCALES_9",
  "GC_I18N_18_HYGRAPH_LOCALES_10",
  "GC_I18N_18_HYGRAPH_LOCALES_11",
  "GC_I18N_18_HYGRAPH_LOCALES_12",
  "GC_I18N_18_HYGRAPH_LOCALES_13",
  "GC_I18N_18_HYGRAPH_LOCALES_14",
  "GC_I18N_18_HYGRAPH_LOCALES_15",
  "GC_I18N_18_HYGRAPH_LOCALES_16",
  "GC_I18N_18_HYGRAPH_LOCALES_17",
  "GC_I18N_18_HYGRAPH_LOCALES_18",
  "GC_I18N_18_HYGRAPH_LOCALES_19",
  "GC_I18N_18_HYGRAPH_LOCALES_20",
  "GC_I18N_18_LOCALE",
  "GC_I18N_18_MAGENTO_STORE_CODE",
  "GC_I18N_18_ROBOTS_ALLOW",
  "GC_I18N_19",
  "GC_I18N_19_CANONICAL_BASE_URL",
  "GC_I18N_19_CART_DISPLAY_PRICES_INCL_TAX",
  "GC_I18N_19_DEFAULT_LOCALE",
  "GC_I18N_19_DOMAIN",
  "GC_I18N_19_GOOGLE_ANALYTICS_ID",
  "GC_I18N_19_GOOGLE_RECAPTCHA_KEY",
  "GC_I18N_19_GOOGLE_TAGMANAGER_ID",
  "GC_I18N_19_HYGRAPH_LOCALES",
  "GC_I18N_19_HYGRAPH_LOCALES_0",
  "GC_I18N_19_HYGRAPH_LOCALES_1",
  "GC_I18N_19_HYGRAPH_LOCALES_2",
  "GC_I18N_19_HYGRAPH_LOCALES_3",
  "GC_I18N_19_HYGRAPH_LOCALES_4",
  "GC_I18N_19_HYGRAPH_LOCALES_5",
  "GC_I18N_19_HYGRAPH_LOCALES_6",
  "GC_I18N_19_HYGRAPH_LOCALES_7",
  "GC_I18N_19_HYGRAPH_LOCALES_8",
  "GC_I18N_19_HYGRAPH_LOCALES_9",
  "GC_I18N_19_HYGRAPH_LOCALES_10",
  "GC_I18N_19_HYGRAPH_LOCALES_11",
  "GC_I18N_19_HYGRAPH_LOCALES_12",
  "GC_I18N_19_HYGRAPH_LOCALES_13",
  "GC_I18N_19_HYGRAPH_LOCALES_14",
  "GC_I18N_19_HYGRAPH_LOCALES_15",
  "GC_I18N_19_HYGRAPH_LOCALES_16",
  "GC_I18N_19_HYGRAPH_LOCALES_17",
  "GC_I18N_19_HYGRAPH_LOCALES_18",
  "GC_I18N_19_HYGRAPH_LOCALES_19",
  "GC_I18N_19_HYGRAPH_LOCALES_20",
  "GC_I18N_19_LOCALE",
  "GC_I18N_19_MAGENTO_STORE_CODE",
  "GC_I18N_19_ROBOTS_ALLOW",
  "GC_I18N_20",
  "GC_I18N_20_CANONICAL_BASE_URL",
  "GC_I18N_20_CART_DISPLAY_PRICES_INCL_TAX",
  "GC_I18N_20_DEFAULT_LOCALE",
  "GC_I18N_20_DOMAIN",
  "GC_I18N_20_GOOGLE_ANALYTICS_ID",
  "GC_I18N_20_GOOGLE_RECAPTCHA_KEY",
  "GC_I18N_20_GOOGLE_TAGMANAGER_ID",
  "GC_I18N_20_HYGRAPH_LOCALES",
  "GC_I18N_20_HYGRAPH_LOCALES_0",
  "GC_I18N_20_HYGRAPH_LOCALES_1",
  "GC_I18N_20_HYGRAPH_LOCALES_2",
  "GC_I18N_20_HYGRAPH_LOCALES_3",
  "GC_I18N_20_HYGRAPH_LOCALES_4",
  "GC_I18N_20_HYGRAPH_LOCALES_5",
  "GC_I18N_20_HYGRAPH_LOCALES_6",
  "GC_I18N_20_HYGRAPH_LOCALES_7",
  "GC_I18N_20_HYGRAPH_LOCALES_8",
  "GC_I18N_20_HYGRAPH_LOCALES_9",
  "GC_I18N_20_HYGRAPH_LOCALES_10",
  "GC_I18N_20_HYGRAPH_LOCALES_11",
  "GC_I18N_20_HYGRAPH_LOCALES_12",
  "GC_I18N_20_HYGRAPH_LOCALES_13",
  "GC_I18N_20_HYGRAPH_LOCALES_14",
  "GC_I18N_20_HYGRAPH_LOCALES_15",
  "GC_I18N_20_HYGRAPH_LOCALES_16",
  "GC_I18N_20_HYGRAPH_LOCALES_17",
  "GC_I18N_20_HYGRAPH_LOCALES_18",
  "GC_I18N_20_HYGRAPH_LOCALES_19",
  "GC_I18N_20_HYGRAPH_LOCALES_20",
  "GC_I18N_20_LOCALE",
  "GC_I18N_20_MAGENTO_STORE_CODE",
  "GC_I18N_20_ROBOTS_ALLOW",
  "GC_MAGENTO_ENDPOINT",
  "GC_PREVIEW_SECRET",
  "GC_ROBOTS_ALLOW",
  "GC_SINGLE_PRODUCT_ROUTE",
  "GC_WISHLIST_HIDE_FOR_GUESTS",
  "GC_WISHLIST_IGNORE_PRODUCT_WISHLIST_STATUS",
]
`;
